npm warn Unknown env config "devdir". This will stop working in the next major version of npm. See `npm help npmrc` for supported config options.

> nexestate@0.1.0 build
> tsc -b && vite build

vite v6.4.3 building for production...
transforming...
✓ 1774 modules transformed.
[plugin vite:reporter] 
(!) C:/Users/office/Projects/NexEstate-v2/src/lib/services/edgeFunctions.ts is dynamically imported by C:/Users/office/Projects/NexEstate-v2/src/hooks/usePropertyShares.ts but also statically imported by C:/Users/office/Projects/NexEstate-v2/src/lib/services/index.ts, C:/Users/office/Projects/NexEstate-v2/src/lib/services/signingService.ts, dynamic import will not move module into another chunk.

rendering chunks...
computing gzip size...
dist/index.html                   1.39 kB │ gzip:   0.67 kB
dist/assets/index-Do_-u4zF.css   72.22 kB │ gzip:  11.99 kB
dist/assets/index-B7qi60Uk.js   753.88 kB │ gzip: 202.60 kB

(!) Some chunks are larger than 500 kB after minification. Consider:
- Using dynamic import() to code-split the application
- Use build.rollupOptions.output.manualChunks to improve chunking: https://rollupjs.org/configuration-options/#output-manualchunks
- Adjust chunk size limit for this warning via build.chunkSizeWarningLimit.
✓ built in 16.11s
npm warn Unknown env config "devdir". This will stop working in the next major version of npm. See `npm help npmrc` for supported config options.

> nexestate@0.1.0 build
> tsc -b && vite build

vite v6.4.3 building for production...
transforming...
✓ 1774 modules transformed.
[plugin vite:reporter] 
(!) C:/Users/office/Projects/NexEstate-v2/src/lib/services/edgeFunctions.ts is dynamically imported by C:/Users/office/Projects/NexEstate-v2/src/hooks/usePropertyShares.ts but also statically imported by C:/Users/office/Projects/NexEstate-v2/src/lib/services/index.ts, C:/Users/office/Projects/NexEstate-v2/src/lib/services/signingService.ts, dynamic import will not move module into another chunk.

rendering chunks...
computing gzip size...
dist/index.html                   1.39 kB │ gzip:   0.67 kB
dist/assets/index-Do_-u4zF.css   72.22 kB │ gzip:  11.99 kB
dist/assets/index-B7qi60Uk.js   753.88 kB │ gzip: 202.60 kB

(!) Some chunks are larger than 500 kB after minification. Consider:
- Using dynamic import() to code-split the application
- Use build.rollupOptions.output.manualChunks to improve chunking: https://rollupjs.org/configuration-options/#output-manualchunks
- Adjust chunk size limit for this warning via build.chunkSizeWarningLimit.
✓ built in 15.54s
 
